GAMS 24.4.6  r52609 Released Jun 26, 2015 WEX-WEI x86 64bit/MS Windows 12/05/16 15:22:33 Page 1
G e n e r a l   A l g e b r a i c   M o d e l i n g   S y s t e m
C o m p i l a t i o n


   1   
   2  parameter x, y;
   3  x=13;
   4  y = -22.021*x**3 + 432.87*x**2 - 1284.5*x + 20792;
   5  *y = -20.417*x**3 + 122794*x**2 - 2*10**8*x + 2*10**11;
   6   
   7  display x,y;


COMPILATION TIME     =        0.000 SECONDS      2 MB  24.4.6 r52609 WEX-WEI
GAMS 24.4.6  r52609 Released Jun 26, 2015 WEX-WEI x86 64bit/MS Windows 12/05/16 15:22:33 Page 2
G e n e r a l   A l g e b r a i c   M o d e l i n g   S y s t e m
E x e c u t i o n


----      7 PARAMETER x                    =       13.000  
            PARAMETER y                    =    28868.393  


EXECUTION TIME       =        0.000 SECONDS      3 MB  24.4.6 r52609 WEX-WEI


USER: Yaqian Mu                                      G150107:0436AO-WIN
      Tsinghua University, Res. Centre for International EnvironmDC6727
      License for teaching and research at degree granting institutions


**** FILE SUMMARY

Input      C:\Users\hero\Desktop\Github\test model - V17\Untitled_1.gms
Output     C:\Users\hero\Desktop\Github\test model - V17\Untitled_1.lst
